
Running 1 test using 1 worker

  ✘  1 tests/testDemo.spec.js:5:1 › Dev login with manual OTP verification and create asset wallet (13.5s)


  1) tests/testDemo.spec.js:5:1 › Dev login with manual OTP verification and create asset wallet ───

    Error: locator.waitFor: Target page, context or browser has been closed

      26 |   }
      27 |
    > 28 |   await page.locator('text=Dashboard').waitFor({ state: 'visible', timeout: 15000 });
         |                                        ^
      29 |   await page.screenshot({ path: 'login-dashboard.png', fullPage: true });
      30 |
      31 |   // Step 4: Click Create Asset Wallet button
        at /Users/hwashen/playwright-project/tests/testDemo.spec.js:28:40

  1 failed
    tests/testDemo.spec.js:5:1 › Dev login with manual OTP verification and create asset wallet ────
